// Jest Snapshot v1, https://goo.gl/fbAQLP

exports[`SiteHeader renders correctly 1`] = `
<section
  className="main hero "
>
  <div
    className="hero-body"
  >
    <div
      className="container has-text-centered"
    >
      <img
        alt="logo"
        src="test-file-stub"
      />
      <h1
        className="title"
      >
        react.explore-tech.org
      </h1>
      <h2
        className="subtitle"
      >
        An open source project to help developers learn, develop & explore.
      </h2>
      <a
        className="button is-large add-action"
        href="https://github.com/boyney123/react.explore-tech.org/blob/master/CONTRIBUTING.md#adding-a-material-to-the-website"
        rel="noopener noreferrer"
        target="_blank"
      >
        <i
          className="fab fa-github"
        />
        Contribute
      </a>
      <p
        className="mt20"
      >
        Listing 
        1
         projects to explore...
      </p>
      <div
        className="badges"
      >
        <a
          href="https://github.com/boyney123/react.explore-tech.org"
          rel="noopener noreferrer"
          target="_blank"
        >
          <img
            alt="github badge"
            className="badges__github"
            src="https://img.shields.io/github/stars/boyney123/react.explore-tech.org.svg?style=social"
          />
        </a>
      </div>
    </div>
  </div>
</section>
`;
